// Jest Snapshot v1, https://goo.gl/fbAQLP

exports[`FilmCardComponent should render component correctly 1`] = `
<article
  className="small-movie-card catalog__movies-card"
  data-film-id={1}
>
  <video
    className="small-movie-card__image"
    height="175"
    muted={true}
    poster="https://es31-server.appspot.com/wtw/static/film/preview/what-we-do-in-the-shadows.jpg"
    width="280"
  >
    <source
      src="https://download.blender.org/durian/trailer/sintel_trailer-480p.mp4"
      type="video/mp4"
    />
  </video>
  <h3
    className="small-movie-card__title"
  >
    <a
      className="small-movie-card__link"
    >
      Fantastic Beasts
    </a>
  </h3>
</article>
`;
