// Jest Snapshot v1, https://goo.gl/fbAQLP

exports[`FilmCardComponent should render FilmCardComponent correctly 1`] = `
<article
  className="small-movie-card catalog__movies-card"
  data-film-id={1}
>
  <video
    className="small-movie-card__image"
    height="175"
    muted={true}
    poster="img/fantastic-beasts-the-crimes-of-grindelwald.jpg"
    width="280"
  >
    <source
      type="video/mp4"
    />
  </video>
  <h3
    className="small-movie-card__title"
  >
    <a
      className="small-movie-card__link"
    >
      Fantastic Beasts
    </a>
  </h3>
</article>
`;
